src/controllers/account.controller.ts(37,26): error TS6133: 'req' is declared but its value is never read.
src/controllers/financial-year.controller.ts(8,23): error TS6133: 'req' is declared but its value is never read.
src/controllers/financial-year.controller.ts(18,11): error TS7030: Not all code paths return a value.
src/controllers/financial-year.controller.ts(18,26): error TS6133: 'req' is declared but its value is never read.
src/controllers/financial-year.controller.ts(29,11): error TS7030: Not all code paths return a value.
src/controllers/financial-year.controller.ts(42,11): error TS7030: Not all code paths return a value.
src/controllers/journal.controller.ts(5,5): error TS6133: 'updateJournalEntrySchema' is declared but its value is never read.
src/controllers/journal.controller.ts(57,11): error TS7030: Not all code paths return a value.
src/middleware/permission.middleware.ts(26,37): error TS2353: Object literal may only specify known properties, and 'permissions' does not exist in type 'RoleInclude<DefaultArgs>'.
src/middleware/permission.middleware.ts(46,39): error TS2339: Property 'userRoles' does not exist on type '{ id: string; username: string; email: string; passwordHash: string; firstName: string | null; lastName: string | null; phone: string | null; profilePicture: string | null; isActive: boolean; emailVerified: boolean; lastLogin: Date | null; createdAt: Date; updatedAt: Date; }'.
src/middleware/permission.middleware.ts(53,42): error TS2339: Property 'userRoles' does not exist on type '{ id: string; username: string; email: string; passwordHash: string; firstName: string | null; lastName: string | null; phone: string | null; profilePicture: string | null; isActive: boolean; emailVerified: boolean; lastLogin: Date | null; createdAt: Date; updatedAt: Date; }'.
src/modules/academic/dynamic_scheduling.service.ts(1,19): error TS6133: 'setHours' is declared but its value is never read.
src/modules/academic/dynamic_scheduling.service.ts(1,29): error TS6133: 'setMinutes' is declared but its value is never read.
src/modules/academic/dynamic_scheduling.service.ts(75,11): error TS6133: 'studyDayNumbers' is declared but its value is never read.
src/modules/academic/dynamic_scheduling.service.ts(76,11): error TS6133: 'startHour' is declared but its value is never read.
src/modules/academic/dynamic_scheduling.service.ts(77,11): error TS6133: 'startMinute' is declared but its value is never read.
src/modules/academic/dynamic_scheduling.service.ts(78,11): error TS6133: 'endHour' is declared but its value is never read.
src/modules/academic/dynamic_scheduling.service.ts(79,11): error TS6133: 'endMinute' is declared but its value is never read.
src/modules/academic/lectures.controller.ts(132,79): error TS2339: Property 'totalLectures' does not exist on type '({ id: string; createdAt: Date; status: string; lectureId: string; studentId: string; notes: string | null; checkInTime: Date | null; checkInMethod: string | null; recordedBy: string | null; studentEnrollmentId: string | null; } | { ...; })[] | { ...; }[]'.
  Property 'totalLectures' does not exist on type '({ id: string; createdAt: Date; status: string; lectureId: string; studentId: string; notes: string | null; checkInTime: Date | null; checkInMethod: string | null; recordedBy: string | null; studentEnrollmentId: string | null; } | { ...; })[]'.
src/modules/academic/reports.controller.ts(3,1): error TS6192: All imports in import declaration are unused.
src/modules/academic/reports.controller.ts(5,51): error TS6133: 'req' is declared but its value is never read.
src/modules/academic/reports.controller.ts(7,15): error TS6133: 'now' is declared but its value is never read.
src/modules/assignments/assignments.controller.ts(270,35): error TS2339: Property 'status' does not exist on type '{ description?: string | undefined; learningOutcomes?: string[] | undefined; title?: string | undefined; dueDate?: string | undefined; instructions?: string | undefined; maxScore?: number | undefined; ... 6 more ...; attachments?: string[] | undefined; }'.
src/modules/crm/controllers/activity.controller.ts(21,23): error TS7030: Not all code paths return a value.
src/modules/crm/controllers/activity.controller.ts(72,40): error TS6133: 'req' is declared but its value is never read.
src/modules/crm/controllers/lead.controller.ts(22,23): error TS7030: Not all code paths return a value.
src/modules/crm/controllers/lead.controller.ts(65,23): error TS7030: Not all code paths return a value.
src/modules/crm/controllers/lead.controller.ts(107,33): error TS6133: 'req' is declared but its value is never read.
src/modules/crm/controllers/team.controller.ts(4,32): error TS6133: 'req' is declared but its value is never read.
src/modules/crm/controllers/team.controller.ts(13,23): error TS7030: Not all code paths return a value.
src/modules/crm/services/activity.service.ts(220,13): error TS2322: Type '{ name: string; }' is not assignable to type 'CrmActivityTypeWhereUniqueInput'.
  Type '{ name: string; }' is not assignable to type '{ id: string; } & { id?: string | undefined; AND?: CrmActivityTypeWhereInput | CrmActivityTypeWhereInput[] | undefined; OR?: CrmActivityTypeWhereInput[] | undefined; ... 4 more ...; activities?: CrmActivityListRelationFilter | undefined; }'.
    Property 'id' is missing in type '{ name: string; }' but required in type '{ id: string; }'.
src/modules/crm/services/lead.service.ts(303,57): error TS6133: 'userId' is declared but its value is never read.
src/modules/hr/hr.controller.ts(72,32): error TS7030: Not all code paths return a value.
src/modules/students/students.controller.ts(1198,57): error TS2339: Property 'programId' does not exist on type '{ enrollments: ({ class: { program: { id: string; isActive: boolean; createdAt: Date; updatedAt: Date; code: string; description: string | null; nameAr: string; nameEn: string; level: string | null; levelId: string | null; awardingBodyId: string | null; durationMonths: number; totalUnits: number | null; }; } & { ......'.
src/modules/students/students.controller.ts(1354,40): error TS6133: 'notes' is declared but its value is never read.
src/modules/students/students.excel.controller.ts(7,45): error TS6133: 'req' is declared but its value is never read.
src/services/journal.service.ts(3,40): error TS6196: 'UpdateJournalEntryInput' is declared but never used.
src/services/journal.service.ts(72,61): error TS6133: 'userId' is declared but its value is never read.
src/services/journal.service.ts(91,17): error TS2561: Object literal may only specify known properties, but 'reference' does not exist in type '(Without<JournalEntryCreateInput, JournalEntryUncheckedCreateInput> & JournalEntryUncheckedCreateInput) | (Without<...> & JournalEntryCreateInput)'. Did you mean to write 'referenceId'?
src/services/journal.service.ts(117,40): error TS6133: 'userId' is declared but its value is never read.
src/services/receipt.service.ts(3,25): error TS6133: 'PaymentMethod' is declared but its value is never read.
src/validation/journal.validation.ts(42,66): error TS2339: Property 'partial' does not exist on type 'ZodEffects<ZodObject<{ date: ZodString; description: ZodString; reference: ZodOptional<ZodString>; lines: ZodArray<ZodEffects<ZodObject<{ accountId: ZodString; description: ZodOptional<...>; debit: ZodNumber; credit: ZodNumber; reference: ZodOptional<...>; }, "strip", ZodTypeAny, { ...; }, { ...; }>, { ...; }, { ......'.
